<?xml version="1.0" encoding="UTF-8"?>
<testsuites time="75.592">
<testsuite name="test.bats" tests="11" failures="0" errors="0" skipped="0" time="75.592" timestamp="2022-03-09T12:27:12" hostname="fv-az121-715">
    <testcase classname="test.bats" name="Build loguccino." time="23.796" />
    <testcase classname="test.bats" name="Check does /build/libs/loguccino* exist." time="0.007" />
    <testcase classname="test.bats" name="Create level 1 archives." time="0.984" />
    <testcase classname="test.bats" name="Create level 2 archives." time="3.831" />
    <testcase classname="test.bats" name="Create level N archives." time="0.756" />
    <testcase classname="test.bats" name="Scan level 1 archives." time="1.242" />
    <testcase classname="test.bats" name="Scan level 2 archives." time="3.533" />
    <testcase classname="test.bats" name="Scan level N archives." time="1.144" />
    <testcase classname="test.bats" name="Run patch on level1." time="6.130" />
    <testcase classname="test.bats" name="Run patch on level2." time="29.750" />
    <testcase classname="test.bats" name="Run patch on levelN." time="4.419" />

</testsuite>
</testsuites>
